Microsoft Windows [Version 10.0.19043.1165]
(c) Microsoft Corporation. All rights reserved.

E:\DjangoWorks\Day13>django-admin startproject empPrj

E:\DjangoWorks\Day13>cd empPrj

E:\DjangoWorks\Day13\empPrj>py manage.py startapp empApp

E:\DjangoWorks\Day13\empPrj>py manage.py migrate
Operations to perform:
  Apply all migrations: admin, auth, contenttypes, sessions
Running migrations:
  Applying contenttypes.0001_initial... OK
  Applying auth.0001_initial... OK
  Applying admin.0001_initial... OK
  Applying admin.0002_logentry_remove_auto_add... OK
  Applying admin.0003_logentry_add_action_flag_choices... OK
  Applying contenttypes.0002_remove_content_type_name... OK
  Applying auth.0002_alter_permission_name_max_length... OK
  Applying auth.0003_alter_user_email_max_length... OK
  Applying auth.0004_alter_user_username_opts... OK
  Applying auth.0005_alter_user_last_login_null... OK
  Applying auth.0006_require_contenttypes_0002... OK
  Applying auth.0007_alter_validators_add_error_messages... OK
  Applying auth.0008_alter_user_username_max_length... OK
  Applying auth.0009_alter_user_last_name_max_length... OK
  Applying auth.0010_alter_group_name_max_length... OK
  Applying auth.0011_update_proxy_permissions... OK
  Applying auth.0012_alter_user_first_name_max_length... OK
  Applying sessions.0001_initial... OK

E:\DjangoWorks\Day13\empPrj>py manage.py createsuperuser
Username (leave blank to use 'gulshan'): admin
Email address:
Password:
Password (again):
This password is too short. It must contain at least 8 characters.
This password is too common.
This password is entirely numeric.
Bypass password validation and create user anyway? [y/N]: y
Superuser created successfully.

E:\DjangoWorks\Day13\empPrj>code .

E:\DjangoWorks\Day13\empPrj>